/home/ahmed/Desktop/2nd_semester/blueRov/bluerov_ws/install/autonomous_rov/lib/python3.10/site-packages/autonomous_rov/__init__.py
/home/ahmed/Desktop/2nd_semester/blueRov/bluerov_ws/install/autonomous_rov/lib/python3.10/site-packages/autonomous_rov/pinger_node.py
/home/ahmed/Desktop/2nd_semester/blueRov/bluerov_ws/install/autonomous_rov/lib/python3.10/site-packages/autonomous_rov/image_processing_tracker.py
/home/ahmed/Desktop/2nd_semester/blueRov/bluerov_ws/install/autonomous_rov/lib/python3.10/site-packages/autonomous_rov/listenerMIR.py
/home/ahmed/Desktop/2nd_semester/blueRov/bluerov_ws/install/autonomous_rov/lib/python3.10/site-packages/autonomous_rov/video.py
/home/ahmed/Desktop/2nd_semester/blueRov/bluerov_ws/install/autonomous_rov/lib/python3.10/site-packages/autonomous_rov/tracking_control.py
/home/ahmed/Desktop/2nd_semester/blueRov/bluerov_ws/install/autonomous_rov/lib/python3.10/site-packages/autonomous_rov/image_processing_tracker_pablo.py
/home/ahmed/Desktop/2nd_semester/blueRov/bluerov_ws/install/autonomous_rov/lib/python3.10/site-packages/autonomous_rov/camera_parameters.py
/home/ahmed/Desktop/2nd_semester/blueRov/bluerov_ws/install/autonomous_rov/lib/python3.10/site-packages/autonomous_rov/hsv_calibrator.py
/home/ahmed/Desktop/2nd_semester/blueRov/bluerov_ws/install/autonomous_rov/lib/python3.10/site-packages/autonomous_rov/object_tracker.py
/home/ahmed/Desktop/2nd_semester/blueRov/bluerov_ws/install/autonomous_rov/lib/python3.10/site-packages/autonomous_rov/__pycache__/__init__.cpython-310.pyc
/home/ahmed/Desktop/2nd_semester/blueRov/bluerov_ws/install/autonomous_rov/lib/python3.10/site-packages/autonomous_rov/__pycache__/pinger_node.cpython-310.pyc
/home/ahmed/Desktop/2nd_semester/blueRov/bluerov_ws/install/autonomous_rov/lib/python3.10/site-packages/autonomous_rov/__pycache__/image_processing_tracker.cpython-310.pyc
/home/ahmed/Desktop/2nd_semester/blueRov/bluerov_ws/install/autonomous_rov/lib/python3.10/site-packages/autonomous_rov/__pycache__/listenerMIR.cpython-310.pyc
/home/ahmed/Desktop/2nd_semester/blueRov/bluerov_ws/install/autonomous_rov/lib/python3.10/site-packages/autonomous_rov/__pycache__/video.cpython-310.pyc
/home/ahmed/Desktop/2nd_semester/blueRov/bluerov_ws/install/autonomous_rov/lib/python3.10/site-packages/autonomous_rov/__pycache__/tracking_control.cpython-310.pyc
/home/ahmed/Desktop/2nd_semester/blueRov/bluerov_ws/install/autonomous_rov/lib/python3.10/site-packages/autonomous_rov/__pycache__/image_processing_tracker_pablo.cpython-310.pyc
/home/ahmed/Desktop/2nd_semester/blueRov/bluerov_ws/install/autonomous_rov/lib/python3.10/site-packages/autonomous_rov/__pycache__/camera_parameters.cpython-310.pyc
/home/ahmed/Desktop/2nd_semester/blueRov/bluerov_ws/install/autonomous_rov/lib/python3.10/site-packages/autonomous_rov/__pycache__/hsv_calibrator.cpython-310.pyc
/home/ahmed/Desktop/2nd_semester/blueRov/bluerov_ws/install/autonomous_rov/lib/python3.10/site-packages/autonomous_rov/__pycache__/object_tracker.cpython-310.pyc
/home/ahmed/Desktop/2nd_semester/blueRov/bluerov_ws/install/autonomous_rov/share/ament_index/resource_index/packages/autonomous_rov
/home/ahmed/Desktop/2nd_semester/blueRov/bluerov_ws/install/autonomous_rov/share/autonomous_rov/package.xml
/home/ahmed/Desktop/2nd_semester/blueRov/bluerov_ws/install/autonomous_rov/share/autonomous_rov/launch
/home/ahmed/Desktop/2nd_semester/blueRov/bluerov_ws/install/autonomous_rov/share/autonomous_rov/launch/run_listener_MIR.launch
/home/ahmed/Desktop/2nd_semester/blueRov/bluerov_ws/install/autonomous_rov/share/autonomous_rov/launch/run_gamepad.launch
/home/ahmed/Desktop/2nd_semester/blueRov/bluerov_ws/install/autonomous_rov/share/autonomous_rov/launch/run_video.launch
/home/ahmed/Desktop/2nd_semester/blueRov/bluerov_ws/install/autonomous_rov/share/autonomous_rov/launch/run_mavros.launch
/home/ahmed/Desktop/2nd_semester/blueRov/bluerov_ws/install/autonomous_rov/share/autonomous_rov/config/xbox.config.yaml
/home/ahmed/Desktop/2nd_semester/blueRov/bluerov_ws/install/autonomous_rov/share/autonomous_rov/lib/setup.py
/home/ahmed/Desktop/2nd_semester/blueRov/bluerov_ws/install/autonomous_rov/lib/python3.10/site-packages/autonomous_rov-0.0.0-py3.10.egg-info/dependency_links.txt
/home/ahmed/Desktop/2nd_semester/blueRov/bluerov_ws/install/autonomous_rov/lib/python3.10/site-packages/autonomous_rov-0.0.0-py3.10.egg-info/entry_points.txt
/home/ahmed/Desktop/2nd_semester/blueRov/bluerov_ws/install/autonomous_rov/lib/python3.10/site-packages/autonomous_rov-0.0.0-py3.10.egg-info/top_level.txt
/home/ahmed/Desktop/2nd_semester/blueRov/bluerov_ws/install/autonomous_rov/lib/python3.10/site-packages/autonomous_rov-0.0.0-py3.10.egg-info/requires.txt
/home/ahmed/Desktop/2nd_semester/blueRov/bluerov_ws/install/autonomous_rov/lib/python3.10/site-packages/autonomous_rov-0.0.0-py3.10.egg-info/zip-safe
/home/ahmed/Desktop/2nd_semester/blueRov/bluerov_ws/install/autonomous_rov/lib/python3.10/site-packages/autonomous_rov-0.0.0-py3.10.egg-info/PKG-INFO
/home/ahmed/Desktop/2nd_semester/blueRov/bluerov_ws/install/autonomous_rov/lib/python3.10/site-packages/autonomous_rov-0.0.0-py3.10.egg-info/SOURCES.txt
/home/ahmed/Desktop/2nd_semester/blueRov/bluerov_ws/install/autonomous_rov/lib/autonomous_rov/hsv_calibrator
/home/ahmed/Desktop/2nd_semester/blueRov/bluerov_ws/install/autonomous_rov/lib/autonomous_rov/image_processing_tracker
/home/ahmed/Desktop/2nd_semester/blueRov/bluerov_ws/install/autonomous_rov/lib/autonomous_rov/image_processing_tracker_pablo
/home/ahmed/Desktop/2nd_semester/blueRov/bluerov_ws/install/autonomous_rov/lib/autonomous_rov/listenerMIR
/home/ahmed/Desktop/2nd_semester/blueRov/bluerov_ws/install/autonomous_rov/lib/autonomous_rov/object_tracker
/home/ahmed/Desktop/2nd_semester/blueRov/bluerov_ws/install/autonomous_rov/lib/autonomous_rov/pinger_node
/home/ahmed/Desktop/2nd_semester/blueRov/bluerov_ws/install/autonomous_rov/lib/autonomous_rov/video
